<?xml version="1.0" encoding="UTF-8"?>
<testsuites name="jest tests" tests="10" failures="10" errors="0" time="2.113">
  <testsuite name="undefined" errors="0" failures="10" skipped="0" timestamp="2023-10-09T17:13:25" time="1.221" tests="10">
    <testcase classname=" Clicking on Create Task Button should add it to first stage and do nothing if input is empty" name=" Clicking on Create Task Button should add it to first stage and do nothing if input is empty" time="0.118">
      <failure>Error: expect(element).toContainElement(element)

&lt;ul class=&quot;styled mt-50&quot; data-testid=&quot;stage-0&quot; /&gt; does not contain: null
        
    at Object.&lt;anonymous&gt; (/projects/challenge/src/App.test.js:42:23)
    at Promise.then.completed (/projects/challenge/node_modules/jest-circus/build/utils.js:391:28)
    at new Promise (&lt;anonymous&gt;)
    at callAsyncCircusFn (/projects/challenge/node_modules/jest-circus/build/utils.js:316:10)
    at _callCircusTest (/projects/challenge/node_modules/jest-circus/build/run.js:218:40)
    at _runTest (/projects/challenge/node_modules/jest-circus/build/run.js:155:3)
    at _runTestsForDescribeBlock (/projects/challenge/node_modules/jest-circus/build/run.js:66:9)
    at run (/projects/challenge/node_modules/jest-circus/build/run.js:25:3)
    at runAndTransformResultsToJestFormat (/projects/challenge/node_modules/jest-circus/build/legacy-code-todo-rewrite/jestAdapterInit.js:170:21)
    at jestAdapter (/projects/challenge/node_modules/jest-circus/build/legacy-code-todo-rewrite/jestAdapter.js:82:19)
    at runTestInternal (/projects/challenge/node_modules/jest-runner/build/runTest.js:389:16)
    at runTest (/projects/challenge/node_modules/jest-runner/build/runTest.js:475:34)
    at TestRunner.runTests (/projects/challenge/node_modules/jest-runner/build/index.js:101:12)
    at TestScheduler.scheduleTests (/projects/challenge/node_modules/@jest/core/build/TestScheduler.js:333:13)
    at runJest (/projects/challenge/node_modules/@jest/core/build/runJest.js:404:19)
    at _run10000 (/projects/challenge/node_modules/@jest/core/build/cli/index.js:320:7)
    at runCLI (/projects/challenge/node_modules/@jest/core/build/cli/index.js:173:3)
    at Object.run (/projects/challenge/node_modules/jest-cli/build/cli/index.js:155:37)</failure>
    </testcase>
    <testcase classname=" For a task in stage 0, backward icon is disabled and forward icon is enabled" name=" For a task in stage 0, backward icon is disabled and forward icon is enabled" time="0.02">
      <failure>Error: expect(element).toContainElement(element)

&lt;ul class=&quot;styled mt-50&quot; data-testid=&quot;stage-0&quot; /&gt; does not contain: null
        
    at Object.&lt;anonymous&gt; (/projects/challenge/src/App.test.js:74:23)
    at Promise.then.completed (/projects/challenge/node_modules/jest-circus/build/utils.js:391:28)
    at new Promise (&lt;anonymous&gt;)
    at callAsyncCircusFn (/projects/challenge/node_modules/jest-circus/build/utils.js:316:10)
    at _callCircusTest (/projects/challenge/node_modules/jest-circus/build/run.js:218:40)
    at _runTest (/projects/challenge/node_modules/jest-circus/build/run.js:155:3)
    at _runTestsForDescribeBlock (/projects/challenge/node_modules/jest-circus/build/run.js:66:9)
    at run (/projects/challenge/node_modules/jest-circus/build/run.js:25:3)
    at runAndTransformResultsToJestFormat (/projects/challenge/node_modules/jest-circus/build/legacy-code-todo-rewrite/jestAdapterInit.js:170:21)
    at jestAdapter (/projects/challenge/node_modules/jest-circus/build/legacy-code-todo-rewrite/jestAdapter.js:82:19)
    at runTestInternal (/projects/challenge/node_modules/jest-runner/build/runTest.js:389:16)
    at runTest (/projects/challenge/node_modules/jest-runner/build/runTest.js:475:34)
    at TestRunner.runTests (/projects/challenge/node_modules/jest-runner/build/index.js:101:12)
    at TestScheduler.scheduleTests (/projects/challenge/node_modules/@jest/core/build/TestScheduler.js:333:13)
    at runJest (/projects/challenge/node_modules/@jest/core/build/runJest.js:404:19)
    at _run10000 (/projects/challenge/node_modules/@jest/core/build/cli/index.js:320:7)
    at runCLI (/projects/challenge/node_modules/@jest/core/build/cli/index.js:173:3)
    at Object.run (/projects/challenge/node_modules/jest-cli/build/cli/index.js:155:37)</failure>
    </testcase>
    <testcase classname=" For a task in stage 0, can be moved forward till stage 4 and check for icons are enabled/disabled correctly" name=" For a task in stage 0, can be moved forward till stage 4 and check for icons are enabled/disabled correctly" time="0.044">
      <failure>Error: expect(element).toContainElement(element)

&lt;ul class=&quot;styled mt-50&quot; data-testid=&quot;stage-0&quot; /&gt; does not contain: null
        
    at Object.&lt;anonymous&gt; (/projects/challenge/src/App.test.js:106:23)
    at Promise.then.completed (/projects/challenge/node_modules/jest-circus/build/utils.js:391:28)
    at new Promise (&lt;anonymous&gt;)
    at callAsyncCircusFn (/projects/challenge/node_modules/jest-circus/build/utils.js:316:10)
    at _callCircusTest (/projects/challenge/node_modules/jest-circus/build/run.js:218:40)
    at _runTest (/projects/challenge/node_modules/jest-circus/build/run.js:155:3)
    at _runTestsForDescribeBlock (/projects/challenge/node_modules/jest-circus/build/run.js:66:9)
    at run (/projects/challenge/node_modules/jest-circus/build/run.js:25:3)
    at runAndTransformResultsToJestFormat (/projects/challenge/node_modules/jest-circus/build/legacy-code-todo-rewrite/jestAdapterInit.js:170:21)
    at jestAdapter (/projects/challenge/node_modules/jest-circus/build/legacy-code-todo-rewrite/jestAdapter.js:82:19)
    at runTestInternal (/projects/challenge/node_modules/jest-runner/build/runTest.js:389:16)
    at runTest (/projects/challenge/node_modules/jest-runner/build/runTest.js:475:34)
    at TestRunner.runTests (/projects/challenge/node_modules/jest-runner/build/index.js:101:12)
    at TestScheduler.scheduleTests (/projects/challenge/node_modules/@jest/core/build/TestScheduler.js:333:13)
    at runJest (/projects/challenge/node_modules/@jest/core/build/runJest.js:404:19)
    at _run10000 (/projects/challenge/node_modules/@jest/core/build/cli/index.js:320:7)
    at runCLI (/projects/challenge/node_modules/@jest/core/build/cli/index.js:173:3)
    at Object.run (/projects/challenge/node_modules/jest-cli/build/cli/index.js:155:37)</failure>
    </testcase>
    <testcase classname=" For a task in stage 4, can be moved backward till stage 0 and check for icons are enabled/disabled correctly" name=" For a task in stage 4, can be moved backward till stage 0 and check for icons are enabled/disabled correctly" time="0.028">
      <failure>TestingLibraryElementError: Unable to find an element by: [data-testid=&quot;task-1-forward&quot;]

Ignored nodes: comments, script, style
&lt;body&gt;
  &lt;div&gt;
    &lt;div
      class=&quot;App&quot;
    &gt;
      &lt;h8k-navbar
        header=&quot;React App&quot;
      /&gt;
      &lt;div
        class=&quot;mt-20 layout-column justify-content-center align-items-center&quot;
      &gt;
        &lt;section
          class=&quot;mt-50 layout-row align-items-center justify-content-center&quot;
        &gt;
          &lt;input
            class=&quot;large&quot;
            data-testid=&quot;create-task-input&quot;
            id=&quot;create-task-input&quot;
            placeholder=&quot;New task name&quot;
            type=&quot;text&quot;
          /&gt;
          &lt;button
            class=&quot;ml-30&quot;
            data-testid=&quot;create-task-button&quot;
            type=&quot;submit&quot;
          &gt;
            Create task
          &lt;/button&gt;
        &lt;/section&gt;
        &lt;div
          class=&quot;mt-50 layout-row&quot;
        &gt;
          &lt;div
            class=&quot;card outlined ml-20 mt-0&quot;
          &gt;
            &lt;div
              class=&quot;card-text&quot;
            &gt;
              &lt;h4&gt;
                Backlog
              &lt;/h4&gt;
              &lt;ul
                class=&quot;styled mt-50&quot;
                data-testid=&quot;stage-0&quot;
              &gt;
                &lt;li
                  class=&quot;slide-up-fade-in&quot;
                &gt;
                  &lt;div
                    class=&quot;li-content layout-row justify-content-between align-items-center&quot;
                  &gt;
                    &lt;span
                      data-testid=&quot;1-name&quot;
                    &gt;
                      1
                    &lt;/span&gt;
                    &lt;div
                      class=&quot;icons&quot;
                    &gt;
                      &lt;button
                        class=&quot;icon-only x-small mx-2&quot;
                        data-testid=&quot;1-back&quot;
                      &gt;
                        &lt;i
                          class=&quot;material-icons&quot;
                        &gt;
                          arrow_back
                        &lt;/i&gt;
                      &lt;/button&gt;
                      &lt;button
                        class=&quot;icon-only x-small mx-2&quot;
                        data-testid=&quot;1-forward&quot;
                      &gt;
                        &lt;i
                          class=&quot;material-icons&quot;
                        &gt;
                          arrow_forward
                        &lt;/i&gt;
                      &lt;/button&gt;
                      &lt;button
                        class=&quot;icon-only danger x-small mx-2&quot;
                        data-testid=&quot;1-delete&quot;
                      &gt;
                        &lt;i
                          class=&quot;material-icons&quot;
                        &gt;
                          delete
                        &lt;/i&gt;
                      &lt;/button&gt;
                    &lt;/div&gt;
                  &lt;/div&gt;
                &lt;/li&gt;
                &lt;li
                  class=&quot;slide-up-fade-in&quot;
                &gt;
                  &lt;div
                    class=&quot;li-content layout-row justify-content-between align-items-center&quot;
                  &gt;
                    &lt;span
                      data-testid=&quot;2-name&quot;
                    &gt;
                      2
                    &lt;/span&gt;
                    &lt;div
                      class=&quot;icons&quot;
                    &gt;
                      &lt;button
                        class=&quot;icon-only x-small mx-2&quot;
                        data-testid=&quot;2-back&quot;
                      &gt;
                        &lt;i
                          class=&quot;material-icons&quot;
                        &gt;
                          arrow_back
                        &lt;/i&gt;
                      &lt;/button&gt;
                      &lt;button
                        class=&quot;icon-only x-small mx-2&quot;
                        data-testid=&quot;2-forward&quot;
                      &gt;
                        &lt;i
                          class=&quot;material-icons&quot;
                        &gt;
                          arrow_forward
                        &lt;/i&gt;
                      &lt;/button&gt;
                      &lt;button
                        class=&quot;icon-only danger x-small mx-2&quot;
                        data-testid=&quot;2-delete&quot;
                      &gt;
                        &lt;i
                          class=&quot;material-icons&quot;
                        &gt;
                          delete
                        &lt;/i&gt;
                      &lt;/button&gt;
                    &lt;/div&gt;
                  &lt;/div&gt;
                &lt;/li&gt;
              &lt;/ul&gt;
            &lt;/div&gt;
          &lt;/div&gt;
          &lt;div
            class=&quot;card outlined ml-20 mt-0&quot;
          &gt;
            &lt;div
              class=&quot;card-text&quot;
            &gt;
              &lt;h4&gt;
                To Do
              &lt;/h4&gt;
              &lt;ul
                class=&quot;styled mt-50&quot;
                data-testid=&quot;stage-1&quot;
              /&gt;
            &lt;/div&gt;
          &lt;/div&gt;
          &lt;div
            class=&quot;card outlined ml-20 mt-0&quot;
          &gt;
            &lt;div
              class=&quot;card-text&quot;
            &gt;
              &lt;h4&gt;
                Ongoing
              &lt;/h4&gt;
              &lt;ul
                class=&quot;styled mt-50&quot;
                data-testid=&quot;stage-2&quot;
              /&gt;
            &lt;/div&gt;
          &lt;/div&gt;
          &lt;div
            class=&quot;card outlined ml-20 mt-0&quot;
          &gt;
            &lt;div
              class=&quot;card-text&quot;
            &gt;
              &lt;h4&gt;
                Done
              &lt;/h4&gt;
              &lt;ul
                class=&quot;styled mt-50&quot;
                data-testid=&quot;stage-3&quot;
              /&gt;
            &lt;/div&gt;
          &lt;/div&gt;
        &lt;/div&gt;
      &lt;/div&gt;
    &lt;/div&gt;
  &lt;/div&gt;
&lt;/body&gt;
    at Object.getElementError (/projects/challenge/node_modules/@testing-library/dom/dist/config.js:37:19)
    at /projects/challenge/node_modules/@testing-library/dom/dist/query-helpers.js:76:38
    at /projects/challenge/node_modules/@testing-library/dom/dist/query-helpers.js:52:17
    at getByTestId (/projects/challenge/node_modules/@testing-library/dom/dist/query-helpers.js:95:19)
    at Object.&lt;anonymous&gt; (/projects/challenge/src/App.test.js:161:18)
    at Promise.then.completed (/projects/challenge/node_modules/jest-circus/build/utils.js:391:28)
    at new Promise (&lt;anonymous&gt;)
    at callAsyncCircusFn (/projects/challenge/node_modules/jest-circus/build/utils.js:316:10)
    at _callCircusTest (/projects/challenge/node_modules/jest-circus/build/run.js:218:40)
    at _runTest (/projects/challenge/node_modules/jest-circus/build/run.js:155:3)
    at _runTestsForDescribeBlock (/projects/challenge/node_modules/jest-circus/build/run.js:66:9)
    at run (/projects/challenge/node_modules/jest-circus/build/run.js:25:3)
    at runAndTransformResultsToJestFormat (/projects/challenge/node_modules/jest-circus/build/legacy-code-todo-rewrite/jestAdapterInit.js:170:21)
    at jestAdapter (/projects/challenge/node_modules/jest-circus/build/legacy-code-todo-rewrite/jestAdapter.js:82:19)
    at runTestInternal (/projects/challenge/node_modules/jest-runner/build/runTest.js:389:16)
    at runTest (/projects/challenge/node_modules/jest-runner/build/runTest.js:475:34)
    at TestRunner.runTests (/projects/challenge/node_modules/jest-runner/build/index.js:101:12)
    at TestScheduler.scheduleTests (/projects/challenge/node_modules/@jest/core/build/TestScheduler.js:333:13)
    at runJest (/projects/challenge/node_modules/@jest/core/build/runJest.js:404:19)
    at _run10000 (/projects/challenge/node_modules/@jest/core/build/cli/index.js:320:7)
    at runCLI (/projects/challenge/node_modules/@jest/core/build/cli/index.js:173:3)
    at Object.run (/projects/challenge/node_modules/jest-cli/build/cli/index.js:155:37)</failure>
    </testcase>
    <testcase classname=" Clicking on delete should delete the task in stage 0" name=" Clicking on delete should delete the task in stage 0" time="0.015">
      <failure>Error: expect(element).toContainElement(element)

&lt;ul class=&quot;styled mt-50&quot; data-testid=&quot;stage-0&quot; /&gt; does not contain: null
        
    at Object.&lt;anonymous&gt; (/projects/challenge/src/App.test.js:210:23)
    at Promise.then.completed (/projects/challenge/node_modules/jest-circus/build/utils.js:391:28)
    at new Promise (&lt;anonymous&gt;)
    at callAsyncCircusFn (/projects/challenge/node_modules/jest-circus/build/utils.js:316:10)
    at _callCircusTest (/projects/challenge/node_modules/jest-circus/build/run.js:218:40)
    at _runTest (/projects/challenge/node_modules/jest-circus/build/run.js:155:3)
    at _runTestsForDescribeBlock (/projects/challenge/node_modules/jest-circus/build/run.js:66:9)
    at run (/projects/challenge/node_modules/jest-circus/build/run.js:25:3)
    at runAndTransformResultsToJestFormat (/projects/challenge/node_modules/jest-circus/build/legacy-code-todo-rewrite/jestAdapterInit.js:170:21)
    at jestAdapter (/projects/challenge/node_modules/jest-circus/build/legacy-code-todo-rewrite/jestAdapter.js:82:19)
    at runTestInternal (/projects/challenge/node_modules/jest-runner/build/runTest.js:389:16)
    at runTest (/projects/challenge/node_modules/jest-runner/build/runTest.js:475:34)
    at TestRunner.runTests (/projects/challenge/node_modules/jest-runner/build/index.js:101:12)
    at TestScheduler.scheduleTests (/projects/challenge/node_modules/@jest/core/build/TestScheduler.js:333:13)
    at runJest (/projects/challenge/node_modules/@jest/core/build/runJest.js:404:19)
    at _run10000 (/projects/challenge/node_modules/@jest/core/build/cli/index.js:320:7)
    at runCLI (/projects/challenge/node_modules/@jest/core/build/cli/index.js:173:3)
    at Object.run (/projects/challenge/node_modules/jest-cli/build/cli/index.js:155:37)</failure>
    </testcase>
    <testcase classname=" Clicking on delete should delete the task in stage 1" name=" Clicking on delete should delete the task in stage 1" time="0.014">
      <failure>TestingLibraryElementError: Unable to find an element by: [data-testid=&quot;task-1-forward&quot;]

Ignored nodes: comments, script, style
&lt;body&gt;
  &lt;div&gt;
    &lt;div
      class=&quot;App&quot;
    &gt;
      &lt;h8k-navbar
        header=&quot;React App&quot;
      /&gt;
      &lt;div
        class=&quot;mt-20 layout-column justify-content-center align-items-center&quot;
      &gt;
        &lt;section
          class=&quot;mt-50 layout-row align-items-center justify-content-center&quot;
        &gt;
          &lt;input
            class=&quot;large&quot;
            data-testid=&quot;create-task-input&quot;
            id=&quot;create-task-input&quot;
            placeholder=&quot;New task name&quot;
            type=&quot;text&quot;
          /&gt;
          &lt;button
            class=&quot;ml-30&quot;
            data-testid=&quot;create-task-button&quot;
            type=&quot;submit&quot;
          &gt;
            Create task
          &lt;/button&gt;
        &lt;/section&gt;
        &lt;div
          class=&quot;mt-50 layout-row&quot;
        &gt;
          &lt;div
            class=&quot;card outlined ml-20 mt-0&quot;
          &gt;
            &lt;div
              class=&quot;card-text&quot;
            &gt;
              &lt;h4&gt;
                Backlog
              &lt;/h4&gt;
              &lt;ul
                class=&quot;styled mt-50&quot;
                data-testid=&quot;stage-0&quot;
              &gt;
                &lt;li
                  class=&quot;slide-up-fade-in&quot;
                &gt;
                  &lt;div
                    class=&quot;li-content layout-row justify-content-between align-items-center&quot;
                  &gt;
                    &lt;span
                      data-testid=&quot;1-name&quot;
                    &gt;
                      1
                    &lt;/span&gt;
                    &lt;div
                      class=&quot;icons&quot;
                    &gt;
                      &lt;button
                        class=&quot;icon-only x-small mx-2&quot;
                        data-testid=&quot;1-back&quot;
                      &gt;
                        &lt;i
                          class=&quot;material-icons&quot;
                        &gt;
                          arrow_back
                        &lt;/i&gt;
                      &lt;/button&gt;
                      &lt;button
                        class=&quot;icon-only x-small mx-2&quot;
                        data-testid=&quot;1-forward&quot;
                      &gt;
                        &lt;i
                          class=&quot;material-icons&quot;
                        &gt;
                          arrow_forward
                        &lt;/i&gt;
                      &lt;/button&gt;
                      &lt;button
                        class=&quot;icon-only danger x-small mx-2&quot;
                        data-testid=&quot;1-delete&quot;
                      &gt;
                        &lt;i
                          class=&quot;material-icons&quot;
                        &gt;
                          delete
                        &lt;/i&gt;
                      &lt;/button&gt;
                    &lt;/div&gt;
                  &lt;/div&gt;
                &lt;/li&gt;
                &lt;li
                  class=&quot;slide-up-fade-in&quot;
                &gt;
                  &lt;div
                    class=&quot;li-content layout-row justify-content-between align-items-center&quot;
                  &gt;
                    &lt;span
                      data-testid=&quot;2-name&quot;
                    &gt;
                      2
                    &lt;/span&gt;
                    &lt;div
                      class=&quot;icons&quot;
                    &gt;
                      &lt;button
                        class=&quot;icon-only x-small mx-2&quot;
                        data-testid=&quot;2-back&quot;
                      &gt;
                        &lt;i
                          class=&quot;material-icons&quot;
                        &gt;
                          arrow_back
                        &lt;/i&gt;
                      &lt;/button&gt;
                      &lt;button
                        class=&quot;icon-only x-small mx-2&quot;
                        data-testid=&quot;2-forward&quot;
                      &gt;
                        &lt;i
                          class=&quot;material-icons&quot;
                        &gt;
                          arrow_forward
                        &lt;/i&gt;
                      &lt;/button&gt;
                      &lt;button
                        class=&quot;icon-only danger x-small mx-2&quot;
                        data-testid=&quot;2-delete&quot;
                      &gt;
                        &lt;i
                          class=&quot;material-icons&quot;
                        &gt;
                          delete
                        &lt;/i&gt;
                      &lt;/button&gt;
                    &lt;/div&gt;
                  &lt;/div&gt;
                &lt;/li&gt;
              &lt;/ul&gt;
            &lt;/div&gt;
          &lt;/div&gt;
          &lt;div
            class=&quot;card outlined ml-20 mt-0&quot;
          &gt;
            &lt;div
              class=&quot;card-text&quot;
            &gt;
              &lt;h4&gt;
                To Do
              &lt;/h4&gt;
              &lt;ul
                class=&quot;styled mt-50&quot;
                data-testid=&quot;stage-1&quot;
              /&gt;
            &lt;/div&gt;
          &lt;/div&gt;
          &lt;div
            class=&quot;card outlined ml-20 mt-0&quot;
          &gt;
            &lt;div
              class=&quot;card-text&quot;
            &gt;
              &lt;h4&gt;
                Ongoing
              &lt;/h4&gt;
              &lt;ul
                class=&quot;styled mt-50&quot;
                data-testid=&quot;stage-2&quot;
              /&gt;
            &lt;/div&gt;
          &lt;/div&gt;
          &lt;div
            class=&quot;card outlined ml-20 mt-0&quot;
          &gt;
            &lt;div
              class=&quot;card-text&quot;
            &gt;
              &lt;h4&gt;
                Done
              &lt;/h4&gt;
              &lt;ul
                class=&quot;styled mt-50&quot;
                data-testid=&quot;stage-3&quot;
              /&gt;
            &lt;/div&gt;
          &lt;/div&gt;
        &lt;/div&gt;
      &lt;/div&gt;
    &lt;/div&gt;
  &lt;/div&gt;
&lt;/body&gt;
    at Object.getElementError (/projects/challenge/node_modules/@testing-library/dom/dist/config.js:37:19)
    at /projects/challenge/node_modules/@testing-library/dom/dist/query-helpers.js:76:38
    at /projects/challenge/node_modules/@testing-library/dom/dist/query-helpers.js:52:17
    at getByTestId (/projects/challenge/node_modules/@testing-library/dom/dist/query-helpers.js:95:19)
    at Object.&lt;anonymous&gt; (/projects/challenge/src/App.test.js:235:18)
    at Promise.then.completed (/projects/challenge/node_modules/jest-circus/build/utils.js:391:28)
    at new Promise (&lt;anonymous&gt;)
    at callAsyncCircusFn (/projects/challenge/node_modules/jest-circus/build/utils.js:316:10)
    at _callCircusTest (/projects/challenge/node_modules/jest-circus/build/run.js:218:40)
    at _runTest (/projects/challenge/node_modules/jest-circus/build/run.js:155:3)
    at _runTestsForDescribeBlock (/projects/challenge/node_modules/jest-circus/build/run.js:66:9)
    at run (/projects/challenge/node_modules/jest-circus/build/run.js:25:3)
    at runAndTransformResultsToJestFormat (/projects/challenge/node_modules/jest-circus/build/legacy-code-todo-rewrite/jestAdapterInit.js:170:21)
    at jestAdapter (/projects/challenge/node_modules/jest-circus/build/legacy-code-todo-rewrite/jestAdapter.js:82:19)
    at runTestInternal (/projects/challenge/node_modules/jest-runner/build/runTest.js:389:16)
    at runTest (/projects/challenge/node_modules/jest-runner/build/runTest.js:475:34)
    at TestRunner.runTests (/projects/challenge/node_modules/jest-runner/build/index.js:101:12)
    at TestScheduler.scheduleTests (/projects/challenge/node_modules/@jest/core/build/TestScheduler.js:333:13)
    at runJest (/projects/challenge/node_modules/@jest/core/build/runJest.js:404:19)
    at _run10000 (/projects/challenge/node_modules/@jest/core/build/cli/index.js:320:7)
    at runCLI (/projects/challenge/node_modules/@jest/core/build/cli/index.js:173:3)
    at Object.run (/projects/challenge/node_modules/jest-cli/build/cli/index.js:155:37)</failure>
    </testcase>
    <testcase classname=" Clicking on delete should delete the task in stage 2" name=" Clicking on delete should delete the task in stage 2" time="0.014">
      <failure>TestingLibraryElementError: Unable to find an element by: [data-testid=&quot;task-1-forward&quot;]

Ignored nodes: comments, script, style
&lt;body&gt;
  &lt;div&gt;
    &lt;div
      class=&quot;App&quot;
    &gt;
      &lt;h8k-navbar
        header=&quot;React App&quot;
      /&gt;
      &lt;div
        class=&quot;mt-20 layout-column justify-content-center align-items-center&quot;
      &gt;
        &lt;section
          class=&quot;mt-50 layout-row align-items-center justify-content-center&quot;
        &gt;
          &lt;input
            class=&quot;large&quot;
            data-testid=&quot;create-task-input&quot;
            id=&quot;create-task-input&quot;
            placeholder=&quot;New task name&quot;
            type=&quot;text&quot;
          /&gt;
          &lt;button
            class=&quot;ml-30&quot;
            data-testid=&quot;create-task-button&quot;
            type=&quot;submit&quot;
          &gt;
            Create task
          &lt;/button&gt;
        &lt;/section&gt;
        &lt;div
          class=&quot;mt-50 layout-row&quot;
        &gt;
          &lt;div
            class=&quot;card outlined ml-20 mt-0&quot;
          &gt;
            &lt;div
              class=&quot;card-text&quot;
            &gt;
              &lt;h4&gt;
                Backlog
              &lt;/h4&gt;
              &lt;ul
                class=&quot;styled mt-50&quot;
                data-testid=&quot;stage-0&quot;
              &gt;
                &lt;li
                  class=&quot;slide-up-fade-in&quot;
                &gt;
                  &lt;div
                    class=&quot;li-content layout-row justify-content-between align-items-center&quot;
                  &gt;
                    &lt;span
                      data-testid=&quot;1-name&quot;
                    &gt;
                      1
                    &lt;/span&gt;
                    &lt;div
                      class=&quot;icons&quot;
                    &gt;
                      &lt;button
                        class=&quot;icon-only x-small mx-2&quot;
                        data-testid=&quot;1-back&quot;
                      &gt;
                        &lt;i
                          class=&quot;material-icons&quot;
                        &gt;
                          arrow_back
                        &lt;/i&gt;
                      &lt;/button&gt;
                      &lt;button
                        class=&quot;icon-only x-small mx-2&quot;
                        data-testid=&quot;1-forward&quot;
                      &gt;
                        &lt;i
                          class=&quot;material-icons&quot;
                        &gt;
                          arrow_forward
                        &lt;/i&gt;
                      &lt;/button&gt;
                      &lt;button
                        class=&quot;icon-only danger x-small mx-2&quot;
                        data-testid=&quot;1-delete&quot;
                      &gt;
                        &lt;i
                          class=&quot;material-icons&quot;
                        &gt;
                          delete
                        &lt;/i&gt;
                      &lt;/button&gt;
                    &lt;/div&gt;
                  &lt;/div&gt;
                &lt;/li&gt;
                &lt;li
                  class=&quot;slide-up-fade-in&quot;
                &gt;
                  &lt;div
                    class=&quot;li-content layout-row justify-content-between align-items-center&quot;
                  &gt;
                    &lt;span
                      data-testid=&quot;2-name&quot;
                    &gt;
                      2
                    &lt;/span&gt;
                    &lt;div
                      class=&quot;icons&quot;
                    &gt;
                      &lt;button
                        class=&quot;icon-only x-small mx-2&quot;
                        data-testid=&quot;2-back&quot;
                      &gt;
                        &lt;i
                          class=&quot;material-icons&quot;
                        &gt;
                          arrow_back
                        &lt;/i&gt;
                      &lt;/button&gt;
                      &lt;button
                        class=&quot;icon-only x-small mx-2&quot;
                        data-testid=&quot;2-forward&quot;
                      &gt;
                        &lt;i
                          class=&quot;material-icons&quot;
                        &gt;
                          arrow_forward
                        &lt;/i&gt;
                      &lt;/button&gt;
                      &lt;button
                        class=&quot;icon-only danger x-small mx-2&quot;
                        data-testid=&quot;2-delete&quot;
                      &gt;
                        &lt;i
                          class=&quot;material-icons&quot;
                        &gt;
                          delete
                        &lt;/i&gt;
                      &lt;/button&gt;
                    &lt;/div&gt;
                  &lt;/div&gt;
                &lt;/li&gt;
              &lt;/ul&gt;
            &lt;/div&gt;
          &lt;/div&gt;
          &lt;div
            class=&quot;card outlined ml-20 mt-0&quot;
          &gt;
            &lt;div
              class=&quot;card-text&quot;
            &gt;
              &lt;h4&gt;
                To Do
              &lt;/h4&gt;
              &lt;ul
                class=&quot;styled mt-50&quot;
                data-testid=&quot;stage-1&quot;
              /&gt;
            &lt;/div&gt;
          &lt;/div&gt;
          &lt;div
            class=&quot;card outlined ml-20 mt-0&quot;
          &gt;
            &lt;div
              class=&quot;card-text&quot;
            &gt;
              &lt;h4&gt;
                Ongoing
              &lt;/h4&gt;
              &lt;ul
                class=&quot;styled mt-50&quot;
                data-testid=&quot;stage-2&quot;
              /&gt;
            &lt;/div&gt;
          &lt;/div&gt;
          &lt;div
            class=&quot;card outlined ml-20 mt-0&quot;
          &gt;
            &lt;div
              class=&quot;card-text&quot;
            &gt;
              &lt;h4&gt;
                Done
              &lt;/h4&gt;
              &lt;ul
                class=&quot;styled mt-50&quot;
                data-testid=&quot;stage-3&quot;
              /&gt;
            &lt;/div&gt;
          &lt;/div&gt;
        &lt;/div&gt;
      &lt;/div&gt;
    &lt;/div&gt;
  &lt;/div&gt;
&lt;/body&gt;
    at Object.getElementError (/projects/challenge/node_modules/@testing-library/dom/dist/config.js:37:19)
    at /projects/challenge/node_modules/@testing-library/dom/dist/query-helpers.js:76:38
    at /projects/challenge/node_modules/@testing-library/dom/dist/query-helpers.js:52:17
    at getByTestId (/projects/challenge/node_modules/@testing-library/dom/dist/query-helpers.js:95:19)
    at Object.&lt;anonymous&gt; (/projects/challenge/src/App.test.js:262:18)
    at Promise.then.completed (/projects/challenge/node_modules/jest-circus/build/utils.js:391:28)
    at new Promise (&lt;anonymous&gt;)
    at callAsyncCircusFn (/projects/challenge/node_modules/jest-circus/build/utils.js:316:10)
    at _callCircusTest (/projects/challenge/node_modules/jest-circus/build/run.js:218:40)
    at _runTest (/projects/challenge/node_modules/jest-circus/build/run.js:155:3)
    at _runTestsForDescribeBlock (/projects/challenge/node_modules/jest-circus/build/run.js:66:9)
    at run (/projects/challenge/node_modules/jest-circus/build/run.js:25:3)
    at runAndTransformResultsToJestFormat (/projects/challenge/node_modules/jest-circus/build/legacy-code-todo-rewrite/jestAdapterInit.js:170:21)
    at jestAdapter (/projects/challenge/node_modules/jest-circus/build/legacy-code-todo-rewrite/jestAdapter.js:82:19)
    at runTestInternal (/projects/challenge/node_modules/jest-runner/build/runTest.js:389:16)
    at runTest (/projects/challenge/node_modules/jest-runner/build/runTest.js:475:34)
    at TestRunner.runTests (/projects/challenge/node_modules/jest-runner/build/index.js:101:12)
    at TestScheduler.scheduleTests (/projects/challenge/node_modules/@jest/core/build/TestScheduler.js:333:13)
    at runJest (/projects/challenge/node_modules/@jest/core/build/runJest.js:404:19)
    at _run10000 (/projects/challenge/node_modules/@jest/core/build/cli/index.js:320:7)
    at runCLI (/projects/challenge/node_modules/@jest/core/build/cli/index.js:173:3)
    at Object.run (/projects/challenge/node_modules/jest-cli/build/cli/index.js:155:37)</failure>
    </testcase>
    <testcase classname=" Clicking on delete should delete the task in stage 3" name=" Clicking on delete should delete the task in stage 3" time="0.031">
      <failure>TestingLibraryElementError: Unable to find an element by: [data-testid=&quot;task-1-forward&quot;]

Ignored nodes: comments, script, style
&lt;body&gt;
  &lt;div&gt;
    &lt;div
      class=&quot;App&quot;
    &gt;
      &lt;h8k-navbar
        header=&quot;React App&quot;
      /&gt;
      &lt;div
        class=&quot;mt-20 layout-column justify-content-center align-items-center&quot;
      &gt;
        &lt;section
          class=&quot;mt-50 layout-row align-items-center justify-content-center&quot;
        &gt;
          &lt;input
            class=&quot;large&quot;
            data-testid=&quot;create-task-input&quot;
            id=&quot;create-task-input&quot;
            placeholder=&quot;New task name&quot;
            type=&quot;text&quot;
          /&gt;
          &lt;button
            class=&quot;ml-30&quot;
            data-testid=&quot;create-task-button&quot;
            type=&quot;submit&quot;
          &gt;
            Create task
          &lt;/button&gt;
        &lt;/section&gt;
        &lt;div
          class=&quot;mt-50 layout-row&quot;
        &gt;
          &lt;div
            class=&quot;card outlined ml-20 mt-0&quot;
          &gt;
            &lt;div
              class=&quot;card-text&quot;
            &gt;
              &lt;h4&gt;
                Backlog
              &lt;/h4&gt;
              &lt;ul
                class=&quot;styled mt-50&quot;
                data-testid=&quot;stage-0&quot;
              &gt;
                &lt;li
                  class=&quot;slide-up-fade-in&quot;
                &gt;
                  &lt;div
                    class=&quot;li-content layout-row justify-content-between align-items-center&quot;
                  &gt;
                    &lt;span
                      data-testid=&quot;1-name&quot;
                    &gt;
                      1
                    &lt;/span&gt;
                    &lt;div
                      class=&quot;icons&quot;
                    &gt;
                      &lt;button
                        class=&quot;icon-only x-small mx-2&quot;
                        data-testid=&quot;1-back&quot;
                      &gt;
                        &lt;i
                          class=&quot;material-icons&quot;
                        &gt;
                          arrow_back
                        &lt;/i&gt;
                      &lt;/button&gt;
                      &lt;button
                        class=&quot;icon-only x-small mx-2&quot;
                        data-testid=&quot;1-forward&quot;
                      &gt;
                        &lt;i
                          class=&quot;material-icons&quot;
                        &gt;
                          arrow_forward
                        &lt;/i&gt;
                      &lt;/button&gt;
                      &lt;button
                        class=&quot;icon-only danger x-small mx-2&quot;
                        data-testid=&quot;1-delete&quot;
                      &gt;
                        &lt;i
                          class=&quot;material-icons&quot;
                        &gt;
                          delete
                        &lt;/i&gt;
                      &lt;/button&gt;
                    &lt;/div&gt;
                  &lt;/div&gt;
                &lt;/li&gt;
                &lt;li
                  class=&quot;slide-up-fade-in&quot;
                &gt;
                  &lt;div
                    class=&quot;li-content layout-row justify-content-between align-items-center&quot;
                  &gt;
                    &lt;span
                      data-testid=&quot;2-name&quot;
                    &gt;
                      2
                    &lt;/span&gt;
                    &lt;div
                      class=&quot;icons&quot;
                    &gt;
                      &lt;button
                        class=&quot;icon-only x-small mx-2&quot;
                        data-testid=&quot;2-back&quot;
                      &gt;
                        &lt;i
                          class=&quot;material-icons&quot;
                        &gt;
                          arrow_back
                        &lt;/i&gt;
                      &lt;/button&gt;
                      &lt;button
                        class=&quot;icon-only x-small mx-2&quot;
                        data-testid=&quot;2-forward&quot;
                      &gt;
                        &lt;i
                          class=&quot;material-icons&quot;
                        &gt;
                          arrow_forward
                        &lt;/i&gt;
                      &lt;/button&gt;
                      &lt;button
                        class=&quot;icon-only danger x-small mx-2&quot;
                        data-testid=&quot;2-delete&quot;
                      &gt;
                        &lt;i
                          class=&quot;material-icons&quot;
                        &gt;
                          delete
                        &lt;/i&gt;
                      &lt;/button&gt;
                    &lt;/div&gt;
                  &lt;/div&gt;
                &lt;/li&gt;
              &lt;/ul&gt;
            &lt;/div&gt;
          &lt;/div&gt;
          &lt;div
            class=&quot;card outlined ml-20 mt-0&quot;
          &gt;
            &lt;div
              class=&quot;card-text&quot;
            &gt;
              &lt;h4&gt;
                To Do
              &lt;/h4&gt;
              &lt;ul
                class=&quot;styled mt-50&quot;
                data-testid=&quot;stage-1&quot;
              /&gt;
            &lt;/div&gt;
          &lt;/div&gt;
          &lt;div
            class=&quot;card outlined ml-20 mt-0&quot;
          &gt;
            &lt;div
              class=&quot;card-text&quot;
            &gt;
              &lt;h4&gt;
                Ongoing
              &lt;/h4&gt;
              &lt;ul
                class=&quot;styled mt-50&quot;
                data-testid=&quot;stage-2&quot;
              /&gt;
            &lt;/div&gt;
          &lt;/div&gt;
          &lt;div
            class=&quot;card outlined ml-20 mt-0&quot;
          &gt;
            &lt;div
              class=&quot;card-text&quot;
            &gt;
              &lt;h4&gt;
                Done
              &lt;/h4&gt;
              &lt;ul
                class=&quot;styled mt-50&quot;
                data-testid=&quot;stage-3&quot;
              /&gt;
            &lt;/div&gt;
          &lt;/div&gt;
        &lt;/div&gt;
      &lt;/div&gt;
    &lt;/div&gt;
  &lt;/div&gt;
&lt;/body&gt;
    at Object.getElementError (/projects/challenge/node_modules/@testing-library/dom/dist/config.js:37:19)
    at /projects/challenge/node_modules/@testing-library/dom/dist/query-helpers.js:76:38
    at /projects/challenge/node_modules/@testing-library/dom/dist/query-helpers.js:52:17
    at getByTestId (/projects/challenge/node_modules/@testing-library/dom/dist/query-helpers.js:95:19)
    at Object.&lt;anonymous&gt; (/projects/challenge/src/App.test.js:290:18)
    at Promise.then.completed (/projects/challenge/node_modules/jest-circus/build/utils.js:391:28)
    at new Promise (&lt;anonymous&gt;)
    at callAsyncCircusFn (/projects/challenge/node_modules/jest-circus/build/utils.js:316:10)
    at _callCircusTest (/projects/challenge/node_modules/jest-circus/build/run.js:218:40)
    at _runTest (/projects/challenge/node_modules/jest-circus/build/run.js:155:3)
    at _runTestsForDescribeBlock (/projects/challenge/node_modules/jest-circus/build/run.js:66:9)
    at run (/projects/challenge/node_modules/jest-circus/build/run.js:25:3)
    at runAndTransformResultsToJestFormat (/projects/challenge/node_modules/jest-circus/build/legacy-code-todo-rewrite/jestAdapterInit.js:170:21)
    at jestAdapter (/projects/challenge/node_modules/jest-circus/build/legacy-code-todo-rewrite/jestAdapter.js:82:19)
    at runTestInternal (/projects/challenge/node_modules/jest-runner/build/runTest.js:389:16)
    at runTest (/projects/challenge/node_modules/jest-runner/build/runTest.js:475:34)
    at TestRunner.runTests (/projects/challenge/node_modules/jest-runner/build/index.js:101:12)
    at TestScheduler.scheduleTests (/projects/challenge/node_modules/@jest/core/build/TestScheduler.js:333:13)
    at runJest (/projects/challenge/node_modules/@jest/core/build/runJest.js:404:19)
    at _run10000 (/projects/challenge/node_modules/@jest/core/build/cli/index.js:320:7)
    at runCLI (/projects/challenge/node_modules/@jest/core/build/cli/index.js:173:3)
    at Object.run (/projects/challenge/node_modules/jest-cli/build/cli/index.js:155:37)</failure>
    </testcase>
    <testcase classname=" after many forward and back operations, tasks are in correct state" name=" after many forward and back operations, tasks are in correct state" time="0.025">
      <failure>TestingLibraryElementError: Unable to find an element by: [data-testid=&quot;task-3-forward&quot;]

Ignored nodes: comments, script, style
&lt;body&gt;
  &lt;div&gt;
    &lt;div
      class=&quot;App&quot;
    &gt;
      &lt;h8k-navbar
        header=&quot;React App&quot;
      /&gt;
      &lt;div
        class=&quot;mt-20 layout-column justify-content-center align-items-center&quot;
      &gt;
        &lt;section
          class=&quot;mt-50 layout-row align-items-center justify-content-center&quot;
        &gt;
          &lt;input
            class=&quot;large&quot;
            data-testid=&quot;create-task-input&quot;
            id=&quot;create-task-input&quot;
            placeholder=&quot;New task name&quot;
            type=&quot;text&quot;
          /&gt;
          &lt;button
            class=&quot;ml-30&quot;
            data-testid=&quot;create-task-button&quot;
            type=&quot;submit&quot;
          &gt;
            Create task
          &lt;/button&gt;
        &lt;/section&gt;
        &lt;div
          class=&quot;mt-50 layout-row&quot;
        &gt;
          &lt;div
            class=&quot;card outlined ml-20 mt-0&quot;
          &gt;
            &lt;div
              class=&quot;card-text&quot;
            &gt;
              &lt;h4&gt;
                Backlog
              &lt;/h4&gt;
              &lt;ul
                class=&quot;styled mt-50&quot;
                data-testid=&quot;stage-0&quot;
              &gt;
                &lt;li
                  class=&quot;slide-up-fade-in&quot;
                &gt;
                  &lt;div
                    class=&quot;li-content layout-row justify-content-between align-items-center&quot;
                  &gt;
                    &lt;span
                      data-testid=&quot;1-name&quot;
                    &gt;
                      1
                    &lt;/span&gt;
                    &lt;div
                      class=&quot;icons&quot;
                    &gt;
                      &lt;button
                        class=&quot;icon-only x-small mx-2&quot;
                        data-testid=&quot;1-back&quot;
                      &gt;
                        &lt;i
                          class=&quot;material-icons&quot;
                        &gt;
                          arrow_back
                        &lt;/i&gt;
                      &lt;/button&gt;
                      &lt;button
                        class=&quot;icon-only x-small mx-2&quot;
                        data-testid=&quot;1-forward&quot;
                      &gt;
                        &lt;i
                          class=&quot;material-icons&quot;
                        &gt;
                          arrow_forward
                        &lt;/i&gt;
                      &lt;/button&gt;
                      &lt;button
                        class=&quot;icon-only danger x-small mx-2&quot;
                        data-testid=&quot;1-delete&quot;
                      &gt;
                        &lt;i
                          class=&quot;material-icons&quot;
                        &gt;
                          delete
                        &lt;/i&gt;
                      &lt;/button&gt;
                    &lt;/div&gt;
                  &lt;/div&gt;
                &lt;/li&gt;
                &lt;li
                  class=&quot;slide-up-fade-in&quot;
                &gt;
                  &lt;div
                    class=&quot;li-content layout-row justify-content-between align-items-center&quot;
                  &gt;
                    &lt;span
                      data-testid=&quot;2-name&quot;
                    &gt;
                      2
                    &lt;/span&gt;
                    &lt;div
                      class=&quot;icons&quot;
                    &gt;
                      &lt;button
                        class=&quot;icon-only x-small mx-2&quot;
                        data-testid=&quot;2-back&quot;
                      &gt;
                        &lt;i
                          class=&quot;material-icons&quot;
                        &gt;
                          arrow_back
                        &lt;/i&gt;
                      &lt;/button&gt;
                      &lt;button
                        class=&quot;icon-only x-small mx-2&quot;
                        data-testid=&quot;2-forward&quot;
                      &gt;
                        &lt;i
                          class=&quot;material-icons&quot;
                        &gt;
                          arrow_forward
                        &lt;/i&gt;
                      &lt;/button&gt;
                      &lt;button
                        class=&quot;icon-only danger x-small mx-2&quot;
                        data-testid=&quot;2-delete&quot;
                      &gt;
                        &lt;i
                          class=&quot;material-icons&quot;
                        &gt;
                          delete
                        &lt;/i&gt;
                      &lt;/button&gt;
                    &lt;/div&gt;
                  &lt;/div&gt;
                &lt;/li&gt;
              &lt;/ul&gt;
            &lt;/div&gt;
          &lt;/div&gt;
          &lt;div
            class=&quot;card outlined ml-20 mt-0&quot;
          &gt;
            &lt;div
              class=&quot;card-text&quot;
            &gt;
              &lt;h4&gt;
                To Do
              &lt;/h4&gt;
              &lt;ul
                class=&quot;styled mt-50&quot;
                data-testid=&quot;stage-1&quot;
              /&gt;
            &lt;/div&gt;
          &lt;/div&gt;
          &lt;div
            class=&quot;card outlined ml-20 mt-0&quot;
          &gt;
            &lt;div
              class=&quot;card-text&quot;
            &gt;
              &lt;h4&gt;
                Ongoing
              &lt;/h4&gt;
              &lt;ul
                class=&quot;styled mt-50&quot;
                data-testid=&quot;stage-2&quot;
              /&gt;
            &lt;/div&gt;
          &lt;/div&gt;
          &lt;div
            class=&quot;card outlined ml-20 mt-0&quot;
          &gt;
            &lt;div
              class=&quot;card-text&quot;
            &gt;
              &lt;h4&gt;
                Done
              &lt;/h4&gt;
              &lt;ul
                class=&quot;styled mt-50&quot;
                data-testid=&quot;stage-3&quot;
              /&gt;
            &lt;/div&gt;
          &lt;/div&gt;
        &lt;/div&gt;
      &lt;/div&gt;
    &lt;/div&gt;
  &lt;/div&gt;
&lt;/body&gt;
    at Object.getElementError (/projects/challenge/node_modules/@testing-library/dom/dist/config.js:37:19)
    at /projects/challenge/node_modules/@testing-library/dom/dist/query-helpers.js:76:38
    at /projects/challenge/node_modules/@testing-library/dom/dist/query-helpers.js:52:17
    at getByTestId (/projects/challenge/node_modules/@testing-library/dom/dist/query-helpers.js:95:19)
    at Object.&lt;anonymous&gt; (/projects/challenge/src/App.test.js:331:18)
    at Promise.then.completed (/projects/challenge/node_modules/jest-circus/build/utils.js:391:28)
    at new Promise (&lt;anonymous&gt;)
    at callAsyncCircusFn (/projects/challenge/node_modules/jest-circus/build/utils.js:316:10)
    at _callCircusTest (/projects/challenge/node_modules/jest-circus/build/run.js:218:40)
    at _runTest (/projects/challenge/node_modules/jest-circus/build/run.js:155:3)
    at _runTestsForDescribeBlock (/projects/challenge/node_modules/jest-circus/build/run.js:66:9)
    at run (/projects/challenge/node_modules/jest-circus/build/run.js:25:3)
    at runAndTransformResultsToJestFormat (/projects/challenge/node_modules/jest-circus/build/legacy-code-todo-rewrite/jestAdapterInit.js:170:21)
    at jestAdapter (/projects/challenge/node_modules/jest-circus/build/legacy-code-todo-rewrite/jestAdapter.js:82:19)
    at runTestInternal (/projects/challenge/node_modules/jest-runner/build/runTest.js:389:16)
    at runTest (/projects/challenge/node_modules/jest-runner/build/runTest.js:475:34)
    at TestRunner.runTests (/projects/challenge/node_modules/jest-runner/build/index.js:101:12)
    at TestScheduler.scheduleTests (/projects/challenge/node_modules/@jest/core/build/TestScheduler.js:333:13)
    at runJest (/projects/challenge/node_modules/@jest/core/build/runJest.js:404:19)
    at _run10000 (/projects/challenge/node_modules/@jest/core/build/cli/index.js:320:7)
    at runCLI (/projects/challenge/node_modules/@jest/core/build/cli/index.js:173:3)
    at Object.run (/projects/challenge/node_modules/jest-cli/build/cli/index.js:155:37)</failure>
    </testcase>
    <testcase classname=" tasks are in correct state after multiple move and deletions" name=" tasks are in correct state after multiple move and deletions" time="0.018">
      <failure>TestingLibraryElementError: Unable to find an element by: [data-testid=&quot;task-1-forward&quot;]

Ignored nodes: comments, script, style
&lt;body&gt;
  &lt;div&gt;
    &lt;div
      class=&quot;App&quot;
    &gt;
      &lt;h8k-navbar
        header=&quot;React App&quot;
      /&gt;
      &lt;div
        class=&quot;mt-20 layout-column justify-content-center align-items-center&quot;
      &gt;
        &lt;section
          class=&quot;mt-50 layout-row align-items-center justify-content-center&quot;
        &gt;
          &lt;input
            class=&quot;large&quot;
            data-testid=&quot;create-task-input&quot;
            id=&quot;create-task-input&quot;
            placeholder=&quot;New task name&quot;
            type=&quot;text&quot;
          /&gt;
          &lt;button
            class=&quot;ml-30&quot;
            data-testid=&quot;create-task-button&quot;
            type=&quot;submit&quot;
          &gt;
            Create task
          &lt;/button&gt;
        &lt;/section&gt;
        &lt;div
          class=&quot;mt-50 layout-row&quot;
        &gt;
          &lt;div
            class=&quot;card outlined ml-20 mt-0&quot;
          &gt;
            &lt;div
              class=&quot;card-text&quot;
            &gt;
              &lt;h4&gt;
                Backlog
              &lt;/h4&gt;
              &lt;ul
                class=&quot;styled mt-50&quot;
                data-testid=&quot;stage-0&quot;
              &gt;
                &lt;li
                  class=&quot;slide-up-fade-in&quot;
                &gt;
                  &lt;div
                    class=&quot;li-content layout-row justify-content-between align-items-center&quot;
                  &gt;
                    &lt;span
                      data-testid=&quot;1-name&quot;
                    &gt;
                      1
                    &lt;/span&gt;
                    &lt;div
                      class=&quot;icons&quot;
                    &gt;
                      &lt;button
                        class=&quot;icon-only x-small mx-2&quot;
                        data-testid=&quot;1-back&quot;
                      &gt;
                        &lt;i
                          class=&quot;material-icons&quot;
                        &gt;
                          arrow_back
                        &lt;/i&gt;
                      &lt;/button&gt;
                      &lt;button
                        class=&quot;icon-only x-small mx-2&quot;
                        data-testid=&quot;1-forward&quot;
                      &gt;
                        &lt;i
                          class=&quot;material-icons&quot;
                        &gt;
                          arrow_forward
                        &lt;/i&gt;
                      &lt;/button&gt;
                      &lt;button
                        class=&quot;icon-only danger x-small mx-2&quot;
                        data-testid=&quot;1-delete&quot;
                      &gt;
                        &lt;i
                          class=&quot;material-icons&quot;
                        &gt;
                          delete
                        &lt;/i&gt;
                      &lt;/button&gt;
                    &lt;/div&gt;
                  &lt;/div&gt;
                &lt;/li&gt;
                &lt;li
                  class=&quot;slide-up-fade-in&quot;
                &gt;
                  &lt;div
                    class=&quot;li-content layout-row justify-content-between align-items-center&quot;
                  &gt;
                    &lt;span
                      data-testid=&quot;2-name&quot;
                    &gt;
                      2
                    &lt;/span&gt;
                    &lt;div
                      class=&quot;icons&quot;
                    &gt;
                      &lt;button
                        class=&quot;icon-only x-small mx-2&quot;
                        data-testid=&quot;2-back&quot;
                      &gt;
                        &lt;i
                          class=&quot;material-icons&quot;
                        &gt;
                          arrow_back
                        &lt;/i&gt;
                      &lt;/button&gt;
                      &lt;button
                        class=&quot;icon-only x-small mx-2&quot;
                        data-testid=&quot;2-forward&quot;
                      &gt;
                        &lt;i
                          class=&quot;material-icons&quot;
                        &gt;
                          arrow_forward
                        &lt;/i&gt;
                      &lt;/button&gt;
                      &lt;button
                        class=&quot;icon-only danger x-small mx-2&quot;
                        data-testid=&quot;2-delete&quot;
                      &gt;
                        &lt;i
                          class=&quot;material-icons&quot;
                        &gt;
                          delete
                        &lt;/i&gt;
                      &lt;/button&gt;
                    &lt;/div&gt;
                  &lt;/div&gt;
                &lt;/li&gt;
              &lt;/ul&gt;
            &lt;/div&gt;
          &lt;/div&gt;
          &lt;div
            class=&quot;card outlined ml-20 mt-0&quot;
          &gt;
            &lt;div
              class=&quot;card-text&quot;
            &gt;
              &lt;h4&gt;
                To Do
              &lt;/h4&gt;
              &lt;ul
                class=&quot;styled mt-50&quot;
                data-testid=&quot;stage-1&quot;
              /&gt;
            &lt;/div&gt;
          &lt;/div&gt;
          &lt;div
            class=&quot;card outlined ml-20 mt-0&quot;
          &gt;
            &lt;div
              class=&quot;card-text&quot;
            &gt;
              &lt;h4&gt;
                Ongoing
              &lt;/h4&gt;
              &lt;ul
                class=&quot;styled mt-50&quot;
                data-testid=&quot;stage-2&quot;
              /&gt;
            &lt;/div&gt;
          &lt;/div&gt;
          &lt;div
            class=&quot;card outlined ml-20 mt-0&quot;
          &gt;
            &lt;div
              class=&quot;card-text&quot;
            &gt;
              &lt;h4&gt;
                Done
              &lt;/h4&gt;
              &lt;ul
                class=&quot;styled mt-50&quot;
                data-testid=&quot;stage-3&quot;
              /&gt;
            &lt;/div&gt;
          &lt;/div&gt;
        &lt;/div&gt;
      &lt;/div&gt;
    &lt;/div&gt;
  &lt;/div&gt;
&lt;/body&gt;
    at Object.getElementError (/projects/challenge/node_modules/@testing-library/dom/dist/config.js:37:19)
    at /projects/challenge/node_modules/@testing-library/dom/dist/query-helpers.js:76:38
    at /projects/challenge/node_modules/@testing-library/dom/dist/query-helpers.js:52:17
    at getByTestId (/projects/challenge/node_modules/@testing-library/dom/dist/query-helpers.js:95:19)
    at Object.&lt;anonymous&gt; (/projects/challenge/src/App.test.js:414:18)
    at Promise.then.completed (/projects/challenge/node_modules/jest-circus/build/utils.js:391:28)
    at new Promise (&lt;anonymous&gt;)
    at callAsyncCircusFn (/projects/challenge/node_modules/jest-circus/build/utils.js:316:10)
    at _callCircusTest (/projects/challenge/node_modules/jest-circus/build/run.js:218:40)
    at _runTest (/projects/challenge/node_modules/jest-circus/build/run.js:155:3)
    at _runTestsForDescribeBlock (/projects/challenge/node_modules/jest-circus/build/run.js:66:9)
    at run (/projects/challenge/node_modules/jest-circus/build/run.js:25:3)
    at runAndTransformResultsToJestFormat (/projects/challenge/node_modules/jest-circus/build/legacy-code-todo-rewrite/jestAdapterInit.js:170:21)
    at jestAdapter (/projects/challenge/node_modules/jest-circus/build/legacy-code-todo-rewrite/jestAdapter.js:82:19)
    at runTestInternal (/projects/challenge/node_modules/jest-runner/build/runTest.js:389:16)
    at runTest (/projects/challenge/node_modules/jest-runner/build/runTest.js:475:34)
    at TestRunner.runTests (/projects/challenge/node_modules/jest-runner/build/index.js:101:12)
    at TestScheduler.scheduleTests (/projects/challenge/node_modules/@jest/core/build/TestScheduler.js:333:13)
    at runJest (/projects/challenge/node_modules/@jest/core/build/runJest.js:404:19)
    at _run10000 (/projects/challenge/node_modules/@jest/core/build/cli/index.js:320:7)
    at runCLI (/projects/challenge/node_modules/@jest/core/build/cli/index.js:173:3)
    at Object.run (/projects/challenge/node_modules/jest-cli/build/cli/index.js:155:37)</failure>
    </testcase>
  </testsuite>
</testsuites>